ClassDecl (name: Main, superClass: Object)
| MethodDecl (argumentNames: [], argumentTypes: [], name: main, returnType: void)
| | Seq ()
| | | VarDecl (name: x, type: int)
| | | VarDecl (name: y, type: int)
| | | VarDecl (name: z, type: int)
| | Seq ()
| | | Assign ()
| | | | Var (name: x)
| | | | IntConst (value: 5)
| | | Assign ()
| | | | Var (name: y)
| | | | Var (name: x)
| | | Assign ()
| | | | Var (name: z)
| | | | Var (name: y)
