ClassDecl (name: Main, superClass: Object)
| MethodDecl (argumentNames: [], argumentTypes: [], name: main, returnType: void)
| | Seq ()
| | | VarDecl (name: a, type: int)
| | Seq ()
| | | Assign ()
| | | | Var (name: a)
| | | | MethodCallExpr (methodName: fib)
| | | | | ThisRef ()
| | | | | IntConst (value: 20)
| | | BuiltInWrite ()
| | | | Var (name: a)
| | | BuiltInWriteln ()
| MethodDecl (argumentNames: [n], argumentTypes: [int], name: fib, returnType: int)
| | Seq ()
| | | VarDecl (name: fib, type: int)
| | | VarDecl (name: fib2, type: int)
| | Seq ()
| | | IfElse ()
| | | | BinaryOp (operator: B_LESS_OR_EQUAL)
| | | | | Var (name: n)
| | | | | IntConst (value: 1)
| | | | Seq ()
| | | | | Assign ()
| | | | | | Var (name: fib)
| | | | | | Var (name: n)
| | | | Seq ()
| | | | | Assign ()
| | | | | | Var (name: fib)
| | | | | | MethodCallExpr (methodName: fib)
| | | | | | | ThisRef ()
| | | | | | | BinaryOp (operator: B_MINUS)
| | | | | | | | Var (name: n)
| | | | | | | | IntConst (value: 1)
| | | | | Assign ()
| | | | | | Var (name: fib2)
| | | | | | MethodCallExpr (methodName: fib)
| | | | | | | ThisRef ()
| | | | | | | BinaryOp (operator: B_MINUS)
| | | | | | | | Var (name: n)
| | | | | | | | IntConst (value: 2)
| | | | | Assign ()
| | | | | | Var (name: fib)
| | | | | | BinaryOp (operator: B_PLUS)
| | | | | | | Var (name: fib)
| | | | | | | Var (name: fib2)
| | | ReturnStmt ()
| | | | Var (name: fib)
