ClassDecl (name: A, superClass: Object)
| VarDecl (name: i, type: int)
| MethodDecl (argumentNames: [p], argumentTypes: [int], name: foo, returnType: void)
| | Seq ()
| | Seq ()
| | | BuiltInWrite ()
| | | | Var (name: p)
| | | BuiltInWrite ()
| | | | Var (name: i)
| | | BuiltInWriteln ()
ClassDecl (name: Main, superClass: Object)
| MethodDecl (argumentNames: [], argumentTypes: [], name: main, returnType: void)
| | Seq ()
| | | VarDecl (name: a, type: A)
| | Seq ()
| | | Assign ()
| | | | Var (name: a)
| | | | NewObject (typeName: A)
| | | Assign ()
| | | | Field (fieldName: i)
| | | | | Var (name: a)
| | | | IntConst (value: 10)
| | | MethodCall ()
| | | | MethodCallExpr (methodName: foo)
| | | | | Var (name: a)
| | | | | IntConst (value: 1)
| | | MethodCall ()
| | | | MethodCallExpr (methodName: foo)
| | | | | Var (name: a)
| | | | | IntConst (value: 2)
| | | MethodCall ()
| | | | MethodCallExpr (methodName: foo)
| | | | | Var (name: a)
| | | | | IntConst (value: 3)
