ClassDecl (name: Main, superClass: Object)
| VarDecl (name: x, type: int)
| MethodDecl (argumentNames: [], argumentTypes: [], name: main, returnType: void)
| | Seq ()
| | | VarDecl (name: y, type: int)
| | | VarDecl (name: arr, type: int[])
| | Seq ()
| | | BuiltInWrite ()
| | | | IntConst (value: 1)
| | | BuiltInWriteln ()
| | | Assign ()
| | | | Var (name: y)
| | | | BuiltInRead ()
| | | BuiltInWrite ()
| | | | BinaryOp (operator: B_PLUS)
| | | | | Var (name: y)
| | | | | IntConst (value: 1)
| | | BuiltInWriteln ()
| | | Assign ()
| | | | Var (name: x)
| | | | BuiltInRead ()
| | | BuiltInWrite ()
| | | | BinaryOp (operator: B_PLUS)
| | | | | Var (name: x)
| | | | | IntConst (value: 1)
| | | BuiltInWriteln ()
| | | Assign ()
| | | | Var (name: arr)
| | | | NewArray (typeName: int[])
| | | | | IntConst (value: 64)
| | | Assign ()
| | | | Index ()
| | | | | Var (name: arr)
| | | | | Var (name: x)
| | | | BuiltInRead ()
| | | BuiltInWrite ()
| | | | BinaryOp (operator: B_PLUS)
| | | | | Index ()
| | | | | | Var (name: arr)
| | | | | | Var (name: x)
| | | | | IntConst (value: 1)
| | | BuiltInWriteln ()
