ClassDecl (name: A, superClass: Object)
| MethodDecl (argumentNames: [], argumentTypes: [], name: override, returnType: void)
| | Seq ()
| | Seq ()
| | | BuiltInWrite ()
| | | | IntConst (value: 0)
| | | BuiltInWriteln ()
| MethodDecl (argumentNames: [], argumentTypes: [], name: base, returnType: void)
| | Seq ()
| | Seq ()
| | | BuiltInWrite ()
| | | | IntConst (value: 1)
| | | BuiltInWriteln ()
ClassDecl (name: B, superClass: A)
| MethodDecl (argumentNames: [], argumentTypes: [], name: override, returnType: void)
| | Seq ()
| | Seq ()
| | | BuiltInWrite ()
| | | | IntConst (value: 2)
| | | BuiltInWriteln ()
| MethodDecl (argumentNames: [], argumentTypes: [], name: sub, returnType: void)
| | Seq ()
| | Seq ()
| | | BuiltInWrite ()
| | | | IntConst (value: 3)
| | | BuiltInWriteln ()
ClassDecl (name: Main, superClass: Object)
| MethodDecl (argumentNames: [], argumentTypes: [], name: main, returnType: void)
| | Seq ()
| | | VarDecl (name: a, type: A)
| | | VarDecl (name: b, type: B)
| | Seq ()
| | | Assign ()
| | | | Var (name: a)
| | | | NullConst ()
| | | Assign ()
| | | | Var (name: b)
| | | | NullConst ()
| | | Assign ()
| | | | Var (name: a)
| | | | NewObject (typeName: A)
| | | MethodCall ()
| | | | MethodCallExpr (methodName: base)
| | | | | Var (name: a)
| | | MethodCall ()
| | | | MethodCallExpr (methodName: override)
| | | | | Var (name: a)
| | | Assign ()
| | | | Var (name: b)
| | | | NewObject (typeName: B)
| | | MethodCall ()
| | | | MethodCallExpr (methodName: base)
| | | | | Var (name: b)
| | | MethodCall ()
| | | | MethodCallExpr (methodName: override)
| | | | | Var (name: b)
| | | MethodCall ()
| | | | MethodCallExpr (methodName: sub)
| | | | | Var (name: b)
| | | Assign ()
| | | | Var (name: a)
| | | | Var (name: b)
| | | MethodCall ()
| | | | MethodCallExpr (methodName: base)
| | | | | Var (name: a)
| | | MethodCall ()
| | | | MethodCallExpr (methodName: override)
| | | | | Var (name: a)
| | | MethodCall ()
| | | | MethodCallExpr (methodName: base)
| | | | | Var (name: b)
| | | MethodCall ()
| | | | MethodCallExpr (methodName: override)
| | | | | Var (name: b)
| | | MethodCall ()
| | | | MethodCallExpr (methodName: sub)
| | | | | Var (name: b)
