Main.main
  BB0 out: []
    SIZE = 5: []
    this.a = new Record[][SIZE]: []
    j = 0: []
  BB1 out: []
  BB2 out: []
    (j < SIZE): []
  BB3 out: []
    this.a[j] = new Record(): []
    j = (j + 1): []
  BB4 out: []
    this.a[0].a = 5: []
    this.a[1].a = 3: []
    this.a[2].a = 1: []
    this.a[3].a = 4: []
    this.a[4].a = 2: []
    j = 0: []
  BB5 out: []
    (j < SIZE): []
  BB6 out: []
    this.a[j].print(...): []
    j = (j + 1): []
  BB7 out: []
    writeln(): []
    this.sort(...): []
    j = 0: []
  BB8 out: []
    (j < SIZE): []
  BB9 out: []
    this.a[j].print(...): []
    j = (j + 1): []
  BB10 out: []
    writeln(): []


Main.sort
  BB0 out: []
    m = ((this.a[left].a + this.a[right].a) / 2): []
    i = left: []
    j = right: []
  BB1 out: []
  BB2 out: []
    (i <= j): []
  BB3 out: []
  BB4 out: []
    (left < j): []
  BB5 out: []
    (this.a[i].a < m): []
  BB6 out: []
    i = (i + 1): []
  BB7 out: []
  BB8 out: []
    (this.a[j].a > m): []
  BB9 out: []
    j = (j - 1): []
  BB10 out: []
    (i <= j): []
  BB11 out: []
    this.swap(...): []
    i = (i + 1): []
    j = (j - 1): []
  BB12 out: []
    nop: []
  BB13 out: []
  BB14 out: []
    this.sort(...): []
  BB15 out: []
    nop: []
  BB16 out: []
    (i < right): []
  BB17 out: []
    this.sort(...): []
  BB18 out: []
    nop: []
  BB19 out: []


Main.swap
  BB0 out: [r1, r2]
    temp = r1.a: []
    r1.a = r2.a: [r1]
    r2.a = temp: [r1, r2]
  BB1 out: [r1, r2]


Record.print
  BB0 out: []
    write(this.a): []
    writeln(): []
  BB1 out: []


