ClassDecl (name: Main, superClass: Object)
| MethodDecl (argumentNames: [], argumentTypes: [], name: main, returnType: void)
| | Seq ()
| | | VarDecl (name: a, type: Main)
| | | VarDecl (name: b, type: Main)
| | | VarDecl (name: i, type: int)
| | Seq ()
| | | Assign ()
| | | | Var (name: a)
| | | | NewObject (typeName: Main)
| | | Assign ()
| | | | Var (name: b)
| | | | NullConst ()
| | | Assign ()
| | | | Var (name: i)
| | | | BuiltInRead ()
| | | IfElse ()
| | | | BinaryOp (operator: B_GREATER_OR_EQUAL)
| | | | | Var (name: i)
| | | | | IntConst (value: 0)
| | | | Seq ()
| | | | | Assign ()
| | | | | | Var (name: a)
| | | | | | NullConst ()
| | | | Seq ()
| | | | | Assign ()
| | | | | | Var (name: b)
| | | | | | NewObject (typeName: Main)
