Main.main
  BB0 out:
    a = new Main()
    b = null
    i = read()
  BB1 out:
    a = new Main()
    a = null
    b = new Main()
    b = null
    i = read()
  BB2 out:
    a = null
    b = null
    i = read()
  BB3 out:
    a = new Main()
    b = new Main()
    i = read()
  BB4 out:
    a = new Main()
    a = null
    b = new Main()
    b = null
    i = read()


