ClassDecl (name: Main, superClass: Object)
| MethodDecl (argumentNames: [], argumentTypes: [], name: main, returnType: void)
| | Seq ()
| | | VarDecl (name: a, type: int)
| | | VarDecl (name: b, type: int)
| | | VarDecl (name: c, type: int)
| | Seq ()
| | | Assign ()
| | | | Var (name: a)
| | | | IntConst (value: 1)
| | | Assign ()
| | | | Var (name: b)
| | | | IntConst (value: 1)
| | | Assign ()
| | | | Var (name: c)
| | | | IntConst (value: 1)
| | | Assign ()
| | | | Var (name: a)
| | | | IntConst (value: 2)
| | | IfElse ()
| | | | BooleanConst (value: false)
| | | | Seq ()
| | | | | Assign ()
| | | | | | Var (name: a)
| | | | | | IntConst (value: 3)
| | | | Seq ()
| | | | | Assign ()
| | | | | | Var (name: a)
| | | | | | IntConst (value: 4)
| | | | | WhileLoop ()
| | | | | | BooleanConst (value: false)
| | | | | | Seq ()
| | | | | | | Assign ()
| | | | | | | | Var (name: b)
| | | | | | | | IntConst (value: 2)
| | | | | Assign ()
| | | | | | Var (name: c)
| | | | | | IntConst (value: 2)
