ClassDecl (name: Main, superClass: Object)
| VarDecl (name: field, type: int)
| VarDecl (name: arrayfield, type: int[])
| MethodDecl (argumentNames: [], argumentTypes: [], name: main, returnType: void)
| | Seq ()
| | | VarDecl (name: local, type: int)
| | | VarDecl (name: array, type: int[])
| | Seq ()
| | | Assign ()
| | | | Var (name: array)
| | | | NullConst ()
| | | Assign ()
| | | | Var (name: arrayfield)
| | | | NullConst ()
| | | Assign ()
| | | | Var (name: local)
| | | | IntConst (value: 1)
| | | Assign ()
| | | | Var (name: field)
| | | | IntConst (value: 3)
| | | BuiltInWrite ()
| | | | Var (name: local)
| | | BuiltInWriteln ()
| | | MethodCall ()
| | | | MethodCallExpr (methodName: m)
| | | | | ThisRef ()
| MethodDecl (argumentNames: [], argumentTypes: [], name: m, returnType: void)
| | Seq ()
| | Seq ()
