ClassDecl (name: Main, superClass: Object)
| VarDecl (name: x, type: int[])
| MethodDecl (argumentNames: [], argumentTypes: [], name: main, returnType: void)
| | Seq ()
| | | VarDecl (name: i, type: int)
| | Seq ()
| | | Assign ()
| | | | Var (name: x)
| | | | NewArray (typeName: int[])
| | | | | IntConst (value: 3)
| | | Assign ()
| | | | Index ()
| | | | | Var (name: x)
| | | | | IntConst (value: 0)
| | | | IntConst (value: 3)
| | | Assign ()
| | | | Index ()
| | | | | Var (name: x)
| | | | | IntConst (value: 1)
| | | | IntConst (value: 4)
| | | Assign ()
| | | | Index ()
| | | | | Var (name: x)
| | | | | IntConst (value: 2)
| | | | IntConst (value: 5)
| | | Assign ()
| | | | Var (name: i)
| | | | BinaryOp (operator: B_PLUS)
| | | | | BinaryOp (operator: B_PLUS)
| | | | | | Index ()
| | | | | | | Var (name: x)
| | | | | | | IntConst (value: 0)
| | | | | | Index ()
| | | | | | | Var (name: x)
| | | | | | | IntConst (value: 1)
| | | | | Index ()
| | | | | | Var (name: x)
| | | | | | IntConst (value: 2)
| | | BuiltInWrite ()
| | | | Var (name: i)
| | | BuiltInWriteln ()
