ClassDecl (name: Main, superClass: Object)
| MethodDecl (argumentNames: [], argumentTypes: [], name: main, returnType: void)
| | Seq ()
| | | VarDecl (name: k, type: int)
| | Seq ()
| | | Assign ()
| | | | Var (name: k)
| | | | IntConst (value: 4)
| | | Assign ()
| | | | Var (name: k)
| | | | IntConst (value: 5)
| | | IfElse ()
| | | | BinaryOp (operator: B_LESS_THAN)
| | | | | Var (name: k)
| | | | | IntConst (value: 5)
| | | | Seq ()
| | | | | Assign ()
| | | | | | Var (name: k)
| | | | | | IntConst (value: 6)
| | | | | Assign ()
| | | | | | Var (name: k)
| | | | | | IntConst (value: 4)
| | | | Seq ()
| | | | | Assign ()
| | | | | | Var (name: k)
| | | | | | IntConst (value: 2)
| | | | | Assign ()
| | | | | | Var (name: k)
| | | | | | IntConst (value: 7)
| | | Assign ()
| | | | Var (name: k)
| | | | IntConst (value: 1)
