digraph G {
  graph [ rankdir = "LR" ];
  subgraph cluster_0 {
    label = "Main.main"
    M0_BB0 [
      shape="record"
      label="BB0|k = 4|k = 5|If: (k \< 5)"
    ];
    M0_BB0 -> M0_BB2;
    M0_BB0 -> M0_BB3 [label="False"];
    M0_BB1 [
      shape="record"
      label="BB1"
    ];
    M0_BB2 [
      shape="record"
      label="BB2|k = 6|k = 4"
    ];
    M0_BB2 -> M0_BB4;
    M0_BB3 [
      shape="record"
      label="BB3|k = 2|k = 7"
    ];
    M0_BB3 -> M0_BB4;
    M0_BB4 [
      shape="record"
      label="BB4|k = 1"
    ];
    M0_BB4 -> M0_BB1;
  }
}
