ClassDecl (name: Main, superClass: Object)
| MethodDecl (argumentNames: [], argumentTypes: [], name: main, returnType: void)
| | Seq ()
| | | VarDecl (name: k, type: int)
| | Seq ()
| | | ReturnStmt ()
| | | WhileLoop ()
| | | | BooleanConst (value: true)
| | | | Seq ()
| | | ReturnStmt ()
| MethodDecl (argumentNames: [k], argumentTypes: [int], name: f, returnType: int)
| | Seq ()
| | | VarDecl (name: z, type: int)
| | Seq ()
| | | IfElse ()
| | | | BinaryOp (operator: B_LESS_THAN)
| | | | | Var (name: k)
| | | | | IntConst (value: 5)
| | | | Seq ()
| | | | | ReturnStmt ()
| | | | | | IntConst (value: 2)
| | | | Nop ()
| | | IfElse ()
| | | | BinaryOp (operator: B_GREATER_THAN)
| | | | | Var (name: k)
| | | | | IntConst (value: 9)
| | | | Seq ()
| | | | | ReturnStmt ()
| | | | | | IntConst (value: 1)
| | | | | Assign ()
| | | | | | Var (name: z)
| | | | | | IntConst (value: 5)
| | | | Nop ()
| | | Assign ()
| | | | Var (name: z)
| | | | IntConst (value: 6)
| | | ReturnStmt ()
| | | | Var (name: z)
| | | Assign ()
| | | | Var (name: z)
| | | | IntConst (value: 4)
